// Jest Snapshot v1, https://goo.gl/fbAQLP

exports[`HomeScreen render and match snapshot 1`] = `
<View>
  <Text>
    Hello Todo App
  </Text>
</View>
`;
